---
source: sd-core/src/language/mod.rs
expression: to_pet(&graph)
---
Graph {
    Ty: "Directed",
    node_count: 7,
    edge_count: 2,
    edges: (1, 0), (2, 1),
    node weights: {
        0: Operation(
            GlobalIFunc(
                GlobalIFunc {
                    name: Name(
                        "indirect_func",
                    ),
                    linkage: External,
                    visibility: Default,
                    ty: TypeRef(
                        PointerType {
                            addr_space: 0,
                        },
                    ),
                    resolver_fn: ConstantRef(
                        GlobalReference {
                            name: Name(
                                "resolver",
                            ),
                            ty: TypeRef(
                                FuncType {
                                    result_type: TypeRef(
                                        PointerType {
                                            addr_space: 0,
                                        },
                                    ),
                                    param_types: [],
                                    is_var_arg: false,
                                },
                            ),
                        },
                    ),
                },
            ),
        ),
        1: Edge(
            Nil,
        ),
        2: Operation(
            Constant(
                ConstantRef(
                    GlobalReference {
                        name: Name(
                            "resolver",
                        ),
                        ty: TypeRef(
                            FuncType {
                                result_type: TypeRef(
                                    PointerType {
                                        addr_space: 0,
                                    },
                                ),
                                param_types: [],
                                is_var_arg: false,
                            },
                        ),
                    },
                ),
            ),
        ),
        3: Thunk(
            Graph {
                Ty: "Directed",
                node_count: 2,
                edge_count: 1,
                edges: (0, 1),
                node weights: {
                    0: Thunk(
                        Graph {
                            Ty: "Directed",
                            node_count: 8,
                            edge_count: 7,
                            edges: (1, 0), (0, 2), (4, 3), (5, 3), (3, 1), (6, 5), (7, 4),
                            node weights: {
                                0: Operation(
                                    Terminator(
                                        Ret(
                                            Ret {
                                                return_operand: Some(
                                                    LocalOperand {
                                                        name: Name(
                                                            "result",
                                                        ),
                                                        ty: TypeRef(
                                                            IntegerType {
                                                                bits: 32,
                                                            },
                                                        ),
                                                    },
                                                ),
                                                debugloc: None,
                                            },
                                        ),
                                    ),
                                ),
                                1: Edge(
                                    BoundVar(
                                        Var {
                                            name: Name(
                                                "result",
                                            ),
                                        },
                                    ),
                                ),
                                2: Edge(
                                    CF(
                                        None,
                                    ),
                                ),
                                3: Operation(
                                    Instruction(
                                        Call(
                                            Call {
                                                function: Right(
                                                    ConstantOperand(
                                                        ConstantRef(
                                                            GlobalReference {
                                                                name: Name(
                                                                    "indirect_func",
                                                                ),
                                                                ty: TypeRef(
                                                                    FuncType {
                                                                        result_type: TypeRef(
                                                                            IntegerType {
                                                                                bits: 32,
                                                                            },
                                                                        ),
                                                                        param_types: [
                                                                            TypeRef(
                                                                                IntegerType {
                                                                                    bits: 32,
                                                                                },
                                                                            ),
                                                                        ],
                                                                        is_var_arg: false,
                                                                    },
                                                                ),
                                                            },
                                                        ),
                                                    ),
                                                ),
                                                function_ty: TypeRef(
                                                    FuncType {
                                                        result_type: TypeRef(
                                                            IntegerType {
                                                                bits: 32,
                                                            },
                                                        ),
                                                        param_types: [
                                                            TypeRef(
                                                                IntegerType {
                                                                    bits: 32,
                                                                },
                                                            ),
                                                        ],
                                                        is_var_arg: false,
                                                    },
                                                ),
                                                arguments: [
                                                    (
                                                        ConstantOperand(
                                                            ConstantRef(
                                                                Int {
                                                                    bits: 32,
                                                                    value: 5,
                                                                },
                                                            ),
                                                        ),
                                                        [],
                                                    ),
                                                ],
                                                return_attributes: [],
                                                dest: Some(
                                                    Name(
                                                        "result",
                                                    ),
                                                ),
                                                function_attributes: [],
                                                is_tail_call: false,
                                                calling_convention: C,
                                                debugloc: None,
                                            },
                                        ),
                                    ),
                                ),
                                4: Edge(
                                    Nil,
                                ),
                                5: Edge(
                                    Nil,
                                ),
                                6: Operation(
                                    Constant(
                                        ConstantRef(
                                            Int {
                                                bits: 32,
                                                value: 5,
                                            },
                                        ),
                                    ),
                                ),
                                7: Operation(
                                    Constant(
                                        ConstantRef(
                                            GlobalReference {
                                                name: Name(
                                                    "indirect_func",
                                                ),
                                                ty: TypeRef(
                                                    FuncType {
                                                        result_type: TypeRef(
                                                            IntegerType {
                                                                bits: 32,
                                                            },
                                                        ),
                                                        param_types: [
                                                            TypeRef(
                                                                IntegerType {
                                                                    bits: 32,
                                                                },
                                                            ),
                                                        ],
                                                        is_var_arg: false,
                                                    },
                                                ),
                                            },
                                        ),
                                    ),
                                ),
                            },
                            edge weights: {
                                0: 0,
                                1: 0,
                                2: 0,
                                3: 1,
                                4: 0,
                                5: 0,
                                6: 0,
                            },
                        },
                    ),
                    1: Edge(
                        CF(
                            None,
                        ),
                    ),
                },
                edge weights: {
                    0: 0,
                },
            },
        ),
        4: Thunk(
            Graph {
                Ty: "Directed",
                node_count: 2,
                edge_count: 1,
                edges: (0, 1),
                node weights: {
                    0: Thunk(
                        Graph {
                            Ty: "Directed",
                            node_count: 16,
                            edge_count: 15,
                            edges: (1, 0), (0, 2), (4, 3), (5, 3), (6, 3), (3, 1), (7, 6), (8, 5), (10, 9), (11, 9), (12, 9), (9, 4), (13, 12), (14, 11), (15, 10),
                            node weights: {
                                0: Operation(
                                    Terminator(
                                        Ret(
                                            Ret {
                                                return_operand: Some(
                                                    LocalOperand {
                                                        name: Name(
                                                            "func",
                                                        ),
                                                        ty: TypeRef(
                                                            PointerType {
                                                                addr_space: 0,
                                                            },
                                                        ),
                                                    },
                                                ),
                                                debugloc: None,
                                            },
                                        ),
                                    ),
                                ),
                                1: Edge(
                                    BoundVar(
                                        Var {
                                            name: Name(
                                                "func",
                                            ),
                                        },
                                    ),
                                ),
                                2: Edge(
                                    CF(
                                        None,
                                    ),
                                ),
                                3: Operation(
                                    Instruction(
                                        Select(
                                            Select {
                                                condition: LocalOperand {
                                                    name: Name(
                                                        "cond",
                                                    ),
                                                    ty: TypeRef(
                                                        IntegerType {
                                                            bits: 1,
                                                        },
                                                    ),
                                                },
                                                true_value: ConstantOperand(
                                                    ConstantRef(
                                                        GlobalReference {
                                                            name: Name(
                                                                "impl_fast",
                                                            ),
                                                            ty: TypeRef(
                                                                FuncType {
                                                                    result_type: TypeRef(
                                                                        IntegerType {
                                                                            bits: 32,
                                                                        },
                                                                    ),
                                                                    param_types: [
                                                                        TypeRef(
                                                                            IntegerType {
                                                                                bits: 32,
                                                                            },
                                                                        ),
                                                                    ],
                                                                    is_var_arg: false,
                                                                },
                                                            ),
                                                        },
                                                    ),
                                                ),
                                                false_value: ConstantOperand(
                                                    ConstantRef(
                                                        GlobalReference {
                                                            name: Name(
                                                                "impl_slow",
                                                            ),
                                                            ty: TypeRef(
                                                                FuncType {
                                                                    result_type: TypeRef(
                                                                        IntegerType {
                                                                            bits: 32,
                                                                        },
                                                                    ),
                                                                    param_types: [
                                                                        TypeRef(
                                                                            IntegerType {
                                                                                bits: 32,
                                                                            },
                                                                        ),
                                                                    ],
                                                                    is_var_arg: false,
                                                                },
                                                            ),
                                                        },
                                                    ),
                                                ),
                                                dest: Name(
                                                    "func",
                                                ),
                                                debugloc: None,
                                            },
                                        ),
                                    ),
                                ),
                                4: Edge(
                                    BoundVar(
                                        Var {
                                            name: Name(
                                                "cond",
                                            ),
                                        },
                                    ),
                                ),
                                5: Edge(
                                    Nil,
                                ),
                                6: Edge(
                                    Nil,
                                ),
                                7: Operation(
                                    Constant(
                                        ConstantRef(
                                            GlobalReference {
                                                name: Name(
                                                    "impl_slow",
                                                ),
                                                ty: TypeRef(
                                                    FuncType {
                                                        result_type: TypeRef(
                                                            IntegerType {
                                                                bits: 32,
                                                            },
                                                        ),
                                                        param_types: [
                                                            TypeRef(
                                                                IntegerType {
                                                                    bits: 32,
                                                                },
                                                            ),
                                                        ],
                                                        is_var_arg: false,
                                                    },
                                                ),
                                            },
                                        ),
                                    ),
                                ),
                                8: Operation(
                                    Constant(
                                        ConstantRef(
                                            GlobalReference {
                                                name: Name(
                                                    "impl_fast",
                                                ),
                                                ty: TypeRef(
                                                    FuncType {
                                                        result_type: TypeRef(
                                                            IntegerType {
                                                                bits: 32,
                                                            },
                                                        ),
                                                        param_types: [
                                                            TypeRef(
                                                                IntegerType {
                                                                    bits: 32,
                                                                },
                                                            ),
                                                        ],
                                                        is_var_arg: false,
                                                    },
                                                ),
                                            },
                                        ),
                                    ),
                                ),
                                9: Operation(
                                    Instruction(
                                        ICmp(
                                            ICmp {
                                                predicate: EQ,
                                                operand0: ConstantOperand(
                                                    ConstantRef(
                                                        Int {
                                                            bits: 32,
                                                            value: 1,
                                                        },
                                                    ),
                                                ),
                                                operand1: ConstantOperand(
                                                    ConstantRef(
                                                        Int {
                                                            bits: 32,
                                                            value: 1,
                                                        },
                                                    ),
                                                ),
                                                dest: Name(
                                                    "cond",
                                                ),
                                                debugloc: None,
                                            },
                                        ),
                                    ),
                                ),
                                10: Edge(
                                    Nil,
                                ),
                                11: Edge(
                                    Nil,
                                ),
                                12: Edge(
                                    Nil,
                                ),
                                13: Operation(
                                    Constant(
                                        ConstantRef(
                                            Int {
                                                bits: 32,
                                                value: 1,
                                            },
                                        ),
                                    ),
                                ),
                                14: Operation(
                                    Constant(
                                        ConstantRef(
                                            Int {
                                                bits: 32,
                                                value: 1,
                                            },
                                        ),
                                    ),
                                ),
                                15: Operation(
                                    IntPredicate(
                                        EQ,
                                    ),
                                ),
                            },
                            edge weights: {
                                0: 0,
                                1: 0,
                                2: 0,
                                3: 1,
                                4: 2,
                                5: 0,
                                6: 0,
                                7: 0,
                                8: 0,
                                9: 1,
                                10: 2,
                                11: 0,
                                12: 0,
                                13: 0,
                                14: 0,
                            },
                        },
                    ),
                    1: Edge(
                        CF(
                            None,
                        ),
                    ),
                },
                edge weights: {
                    0: 0,
                },
            },
        ),
        5: Thunk(
            Graph {
                Ty: "Directed",
                node_count: 3,
                edge_count: 2,
                edges: (0, 1), (1, 2),
                node weights: {
                    0: Edge(
                        BoundVar(
                            Var {
                                name: Name(
                                    "x",
                                ),
                            },
                        ),
                    ),
                    1: Thunk(
                        Graph {
                            Ty: "Directed",
                            node_count: 7,
                            edge_count: 6,
                            edges: (2, 1), (1, 3), (0, 4), (5, 4), (4, 2), (6, 5),
                            node weights: {
                                0: Edge(
                                    BoundVar(
                                        Var {
                                            name: Name(
                                                "x",
                                            ),
                                        },
                                    ),
                                ),
                                1: Operation(
                                    Terminator(
                                        Ret(
                                            Ret {
                                                return_operand: Some(
                                                    LocalOperand {
                                                        name: Name(
                                                            "result",
                                                        ),
                                                        ty: TypeRef(
                                                            IntegerType {
                                                                bits: 32,
                                                            },
                                                        ),
                                                    },
                                                ),
                                                debugloc: None,
                                            },
                                        ),
                                    ),
                                ),
                                2: Edge(
                                    BoundVar(
                                        Var {
                                            name: Name(
                                                "result",
                                            ),
                                        },
                                    ),
                                ),
                                3: Edge(
                                    CF(
                                        None,
                                    ),
                                ),
                                4: Operation(
                                    Instruction(
                                        Mul(
                                            Mul {
                                                operand0: LocalOperand {
                                                    name: Name(
                                                        "x",
                                                    ),
                                                    ty: TypeRef(
                                                        IntegerType {
                                                            bits: 32,
                                                        },
                                                    ),
                                                },
                                                operand1: ConstantOperand(
                                                    ConstantRef(
                                                        Int {
                                                            bits: 32,
                                                            value: 2,
                                                        },
                                                    ),
                                                ),
                                                dest: Name(
                                                    "result",
                                                ),
                                                nuw: false,
                                                nsw: false,
                                                debugloc: None,
                                            },
                                        ),
                                    ),
                                ),
                                5: Edge(
                                    Nil,
                                ),
                                6: Operation(
                                    Constant(
                                        ConstantRef(
                                            Int {
                                                bits: 32,
                                                value: 2,
                                            },
                                        ),
                                    ),
                                ),
                            },
                            edge weights: {
                                0: 0,
                                1: 0,
                                2: 0,
                                3: 1,
                                4: 0,
                                5: 0,
                            },
                        },
                    ),
                    2: Edge(
                        CF(
                            None,
                        ),
                    ),
                },
                edge weights: {
                    0: 0,
                    1: 0,
                },
            },
        ),
        6: Thunk(
            Graph {
                Ty: "Directed",
                node_count: 3,
                edge_count: 2,
                edges: (0, 1), (1, 2),
                node weights: {
                    0: Edge(
                        BoundVar(
                            Var {
                                name: Name(
                                    "x",
                                ),
                            },
                        ),
                    ),
                    1: Thunk(
                        Graph {
                            Ty: "Directed",
                            node_count: 7,
                            edge_count: 6,
                            edges: (2, 1), (1, 3), (0, 4), (5, 4), (4, 2), (6, 5),
                            node weights: {
                                0: Edge(
                                    BoundVar(
                                        Var {
                                            name: Name(
                                                "x",
                                            ),
                                        },
                                    ),
                                ),
                                1: Operation(
                                    Terminator(
                                        Ret(
                                            Ret {
                                                return_operand: Some(
                                                    LocalOperand {
                                                        name: Name(
                                                            "result",
                                                        ),
                                                        ty: TypeRef(
                                                            IntegerType {
                                                                bits: 32,
                                                            },
                                                        ),
                                                    },
                                                ),
                                                debugloc: None,
                                            },
                                        ),
                                    ),
                                ),
                                2: Edge(
                                    BoundVar(
                                        Var {
                                            name: Name(
                                                "result",
                                            ),
                                        },
                                    ),
                                ),
                                3: Edge(
                                    CF(
                                        None,
                                    ),
                                ),
                                4: Operation(
                                    Instruction(
                                        Shl(
                                            Shl {
                                                operand0: LocalOperand {
                                                    name: Name(
                                                        "x",
                                                    ),
                                                    ty: TypeRef(
                                                        IntegerType {
                                                            bits: 32,
                                                        },
                                                    ),
                                                },
                                                operand1: ConstantOperand(
                                                    ConstantRef(
                                                        Int {
                                                            bits: 32,
                                                            value: 1,
                                                        },
                                                    ),
                                                ),
                                                dest: Name(
                                                    "result",
                                                ),
                                                nuw: false,
                                                nsw: false,
                                                debugloc: None,
                                            },
                                        ),
                                    ),
                                ),
                                5: Edge(
                                    Nil,
                                ),
                                6: Operation(
                                    Constant(
                                        ConstantRef(
                                            Int {
                                                bits: 32,
                                                value: 1,
                                            },
                                        ),
                                    ),
                                ),
                            },
                            edge weights: {
                                0: 0,
                                1: 0,
                                2: 0,
                                3: 1,
                                4: 0,
                                5: 0,
                            },
                        },
                    ),
                    2: Edge(
                        CF(
                            None,
                        ),
                    ),
                },
                edge weights: {
                    0: 0,
                    1: 0,
                },
            },
        ),
    },
    edge weights: {
        0: 0,
        1: 0,
    },
}
