---
source: sd-core/src/language/mod.rs
expression: to_pet(&graph)
---
Graph {
    Ty: "Directed",
    node_count: 9,
    edge_count: 8,
    edges: (2, 3), (4, 3), (1, 3), (0, 3), (3, 5), (7, 6), (6, 4), (8, 7),
    node weights: {
        0: Edge(
            FreeVar(
                Symbol {
                    symbol: "llvm.lifetime.start.p0",
                },
            ),
        ),
        1: Edge(
            FreeVar(
                Symbol {
                    symbol: "malloc",
                },
            ),
        ),
        2: Edge(
            FreeVar(
                Symbol {
                    symbol: "llvm.lifetime.end.p0",
                },
            ),
        ),
        3: Thunk(
            Graph {
                Ty: "Directed",
                node_count: 8,
                edge_count: 7,
                edges: (0, 6), (5, 6), (1, 6), (2, 6), (3, 6), (4, 6), (6, 7),
                node weights: {
                    0: Edge(
                        FreeVar(
                            Symbol {
                                symbol: "llvm.lifetime.end.p0",
                            },
                        ),
                    ),
                    1: Edge(
                        FreeVar(
                            Symbol {
                                symbol: "global",
                            },
                        ),
                    ),
                    2: Edge(
                        FreeVar(
                            Symbol {
                                symbol: "malloc",
                            },
                        ),
                    ),
                    3: Edge(
                        FreeVar(
                            Symbol {
                                symbol: "llvm.lifetime.start.p0",
                            },
                        ),
                    ),
                    4: Edge(
                        BoundVar(
                            Var {
                                name: Number(
                                    0,
                                ),
                            },
                        ),
                    ),
                    5: Edge(
                        BoundVar(
                            Var {
                                name: Number(
                                    1,
                                ),
                            },
                        ),
                    ),
                    6: Thunk(
                        Graph {
                            Ty: "Directed",
                            node_count: 75,
                            edge_count: 74,
                            edges: (6, 7), (9, 8), (10, 8), (11, 8), (12, 10), (0, 13), (13, 9), (1, 14), (15, 14), (17, 16), (18, 16), (16, 15), (19, 18), (1, 20), (20, 17), (22, 21), (23, 21), (25, 24), (26, 24), (24, 23), (27, 26), (22, 28), (28, 25), (30, 29), (31, 29), (2, 32), (32, 30), (34, 33), (35, 33), (33, 31), (36, 35), (38, 37), (37, 34), (2, 39), (39, 38), (41, 40), (42, 40), (44, 43), (45, 43), (43, 42), (46, 45), (41, 47), (47, 44), (11, 48), (49, 48), (51, 50), (52, 50), (50, 49), (53, 52), (11, 54), (54, 51), (56, 55), (57, 55), (55, 41), (58, 57), (3, 59), (59, 56), (11, 60), (61, 60), (62, 61), (64, 63), (65, 63), (11, 63), (66, 65), (4, 67), (67, 64), (22, 68), (5, 68), (70, 69), (69, 11), (71, 70), (73, 72), (72, 22), (74, 73),
                            node weights: {
                                0: Edge(
                                    FreeVar(
                                        Symbol {
                                            symbol: "llvm.lifetime.end.p0",
                                        },
                                    ),
                                ),
                                1: Edge(
                                    BoundVar(
                                        Var {
                                            name: Number(
                                                1,
                                            ),
                                        },
                                    ),
                                ),
                                2: Edge(
                                    FreeVar(
                                        Symbol {
                                            symbol: "global",
                                        },
                                    ),
                                ),
                                3: Edge(
                                    FreeVar(
                                        Symbol {
                                            symbol: "malloc",
                                        },
                                    ),
                                ),
                                4: Edge(
                                    FreeVar(
                                        Symbol {
                                            symbol: "llvm.lifetime.start.p0",
                                        },
                                    ),
                                ),
                                5: Edge(
                                    BoundVar(
                                        Var {
                                            name: Number(
                                                0,
                                            ),
                                        },
                                    ),
                                ),
                                6: Operation(
                                    Terminator(
                                        Ret(
                                            Ret {
                                                return_operand: None,
                                                debugloc: None,
                                            },
                                        ),
                                    ),
                                ),
                                7: Edge(
                                    CF(
                                        None,
                                    ),
                                ),
                                8: Operation(
                                    Instruction(
                                        Call(
                                            Call {
                                                function: Right(
                                                    ConstantOperand(
                                                        ConstantRef(
                                                            GlobalReference {
                                                                name: Name(
                                                                    "llvm.lifetime.end.p0",
                                                                ),
                                                                ty: TypeRef(
                                                                    FuncType {
                                                                        result_type: TypeRef(
                                                                            VoidType,
                                                                        ),
                                                                        param_types: [
                                                                            TypeRef(
                                                                                IntegerType {
                                                                                    bits: 64,
                                                                                },
                                                                            ),
                                                                            TypeRef(
                                                                                PointerType {
                                                                                    addr_space: 0,
                                                                                },
                                                                            ),
                                                                        ],
                                                                        is_var_arg: false,
                                                                    },
                                                                ),
                                                            },
                                                        ),
                                                    ),
                                                ),
                                                function_ty: TypeRef(
                                                    FuncType {
                                                        result_type: TypeRef(
                                                            VoidType,
                                                        ),
                                                        param_types: [
                                                            TypeRef(
                                                                IntegerType {
                                                                    bits: 64,
                                                                },
                                                            ),
                                                            TypeRef(
                                                                PointerType {
                                                                    addr_space: 0,
                                                                },
                                                            ),
                                                        ],
                                                        is_var_arg: false,
                                                    },
                                                ),
                                                arguments: [
                                                    (
                                                        ConstantOperand(
                                                            ConstantRef(
                                                                Int {
                                                                    bits: 64,
                                                                    value: 4,
                                                                },
                                                            ),
                                                        ),
                                                        [],
                                                    ),
                                                    (
                                                        LocalOperand {
                                                            name: Number(
                                                                4,
                                                            ),
                                                            ty: TypeRef(
                                                                PointerType {
                                                                    addr_space: 0,
                                                                },
                                                            ),
                                                        },
                                                        [
                                                            NonNull,
                                                        ],
                                                    ),
                                                ],
                                                return_attributes: [],
                                                dest: None,
                                                function_attributes: [],
                                                is_tail_call: false,
                                                calling_convention: C,
                                                debugloc: None,
                                            },
                                        ),
                                    ),
                                ),
                                9: Edge(
                                    Nil,
                                ),
                                10: Edge(
                                    Nil,
                                ),
                                11: Edge(
                                    BoundVar(
                                        Var {
                                            name: Number(
                                                4,
                                            ),
                                        },
                                    ),
                                ),
                                12: Operation(
                                    Constant(
                                        ConstantRef(
                                            Int {
                                                bits: 64,
                                                value: 4,
                                            },
                                        ),
                                    ),
                                ),
                                13: Operation(
                                    Constant(
                                        ConstantRef(
                                            GlobalReference {
                                                name: Name(
                                                    "llvm.lifetime.end.p0",
                                                ),
                                                ty: TypeRef(
                                                    FuncType {
                                                        result_type: TypeRef(
                                                            VoidType,
                                                        ),
                                                        param_types: [
                                                            TypeRef(
                                                                IntegerType {
                                                                    bits: 64,
                                                                },
                                                            ),
                                                            TypeRef(
                                                                PointerType {
                                                                    addr_space: 0,
                                                                },
                                                            ),
                                                        ],
                                                        is_var_arg: false,
                                                    },
                                                ),
                                            },
                                        ),
                                    ),
                                ),
                                14: Operation(
                                    Instruction(
                                        Store(
                                            Store {
                                                address: LocalOperand {
                                                    name: Number(
                                                        1,
                                                    ),
                                                    ty: TypeRef(
                                                        PointerType {
                                                            addr_space: 0,
                                                        },
                                                    ),
                                                },
                                                value: LocalOperand {
                                                    name: Number(
                                                        15,
                                                    ),
                                                    ty: TypeRef(
                                                        IntegerType {
                                                            bits: 32,
                                                        },
                                                    ),
                                                },
                                                volatile: true,
                                                atomicity: None,
                                                alignment: 4,
                                                debugloc: None,
                                            },
                                        ),
                                    ),
                                ),
                                15: Edge(
                                    BoundVar(
                                        Var {
                                            name: Number(
                                                15,
                                            ),
                                        },
                                    ),
                                ),
                                16: Operation(
                                    Instruction(
                                        Add(
                                            Add {
                                                operand0: LocalOperand {
                                                    name: Number(
                                                        14,
                                                    ),
                                                    ty: TypeRef(
                                                        IntegerType {
                                                            bits: 32,
                                                        },
                                                    ),
                                                },
                                                operand1: ConstantOperand(
                                                    ConstantRef(
                                                        Int {
                                                            bits: 32,
                                                            value: 5,
                                                        },
                                                    ),
                                                ),
                                                dest: Number(
                                                    15,
                                                ),
                                                nuw: false,
                                                nsw: true,
                                                debugloc: None,
                                            },
                                        ),
                                    ),
                                ),
                                17: Edge(
                                    BoundVar(
                                        Var {
                                            name: Number(
                                                14,
                                            ),
                                        },
                                    ),
                                ),
                                18: Edge(
                                    Nil,
                                ),
                                19: Operation(
                                    Constant(
                                        ConstantRef(
                                            Int {
                                                bits: 32,
                                                value: 5,
                                            },
                                        ),
                                    ),
                                ),
                                20: Operation(
                                    Instruction(
                                        Load(
                                            Load {
                                                address: LocalOperand {
                                                    name: Number(
                                                        1,
                                                    ),
                                                    ty: TypeRef(
                                                        PointerType {
                                                            addr_space: 0,
                                                        },
                                                    ),
                                                },
                                                dest: Number(
                                                    14,
                                                ),
                                                loaded_ty: TypeRef(
                                                    IntegerType {
                                                        bits: 32,
                                                    },
                                                ),
                                                volatile: true,
                                                atomicity: None,
                                                alignment: 4,
                                                debugloc: None,
                                            },
                                        ),
                                    ),
                                ),
                                21: Operation(
                                    Instruction(
                                        Store(
                                            Store {
                                                address: LocalOperand {
                                                    name: Number(
                                                        3,
                                                    ),
                                                    ty: TypeRef(
                                                        PointerType {
                                                            addr_space: 0,
                                                        },
                                                    ),
                                                },
                                                value: LocalOperand {
                                                    name: Number(
                                                        13,
                                                    ),
                                                    ty: TypeRef(
                                                        IntegerType {
                                                            bits: 32,
                                                        },
                                                    ),
                                                },
                                                volatile: true,
                                                atomicity: None,
                                                alignment: 4,
                                                debugloc: None,
                                            },
                                        ),
                                    ),
                                ),
                                22: Edge(
                                    BoundVar(
                                        Var {
                                            name: Number(
                                                3,
                                            ),
                                        },
                                    ),
                                ),
                                23: Edge(
                                    BoundVar(
                                        Var {
                                            name: Number(
                                                13,
                                            ),
                                        },
                                    ),
                                ),
                                24: Operation(
                                    Instruction(
                                        Add(
                                            Add {
                                                operand0: LocalOperand {
                                                    name: Number(
                                                        12,
                                                    ),
                                                    ty: TypeRef(
                                                        IntegerType {
                                                            bits: 32,
                                                        },
                                                    ),
                                                },
                                                operand1: ConstantOperand(
                                                    ConstantRef(
                                                        Int {
                                                            bits: 32,
                                                            value: 5,
                                                        },
                                                    ),
                                                ),
                                                dest: Number(
                                                    13,
                                                ),
                                                nuw: false,
                                                nsw: true,
                                                debugloc: None,
                                            },
                                        ),
                                    ),
                                ),
                                25: Edge(
                                    BoundVar(
                                        Var {
                                            name: Number(
                                                12,
                                            ),
                                        },
                                    ),
                                ),
                                26: Edge(
                                    Nil,
                                ),
                                27: Operation(
                                    Constant(
                                        ConstantRef(
                                            Int {
                                                bits: 32,
                                                value: 5,
                                            },
                                        ),
                                    ),
                                ),
                                28: Operation(
                                    Instruction(
                                        Load(
                                            Load {
                                                address: LocalOperand {
                                                    name: Number(
                                                        3,
                                                    ),
                                                    ty: TypeRef(
                                                        PointerType {
                                                            addr_space: 0,
                                                        },
                                                    ),
                                                },
                                                dest: Number(
                                                    12,
                                                ),
                                                loaded_ty: TypeRef(
                                                    IntegerType {
                                                        bits: 32,
                                                    },
                                                ),
                                                volatile: true,
                                                atomicity: None,
                                                alignment: 4,
                                                debugloc: None,
                                            },
                                        ),
                                    ),
                                ),
                                29: Operation(
                                    Instruction(
                                        Store(
                                            Store {
                                                address: ConstantOperand(
                                                    ConstantRef(
                                                        GlobalReference {
                                                            name: Name(
                                                                "global",
                                                            ),
                                                            ty: TypeRef(
                                                                IntegerType {
                                                                    bits: 32,
                                                                },
                                                            ),
                                                        },
                                                    ),
                                                ),
                                                value: LocalOperand {
                                                    name: Number(
                                                        11,
                                                    ),
                                                    ty: TypeRef(
                                                        IntegerType {
                                                            bits: 32,
                                                        },
                                                    ),
                                                },
                                                volatile: true,
                                                atomicity: None,
                                                alignment: 4,
                                                debugloc: None,
                                            },
                                        ),
                                    ),
                                ),
                                30: Edge(
                                    Nil,
                                ),
                                31: Edge(
                                    BoundVar(
                                        Var {
                                            name: Number(
                                                11,
                                            ),
                                        },
                                    ),
                                ),
                                32: Operation(
                                    Constant(
                                        ConstantRef(
                                            GlobalReference {
                                                name: Name(
                                                    "global",
                                                ),
                                                ty: TypeRef(
                                                    IntegerType {
                                                        bits: 32,
                                                    },
                                                ),
                                            },
                                        ),
                                    ),
                                ),
                                33: Operation(
                                    Instruction(
                                        Add(
                                            Add {
                                                operand0: LocalOperand {
                                                    name: Number(
                                                        10,
                                                    ),
                                                    ty: TypeRef(
                                                        IntegerType {
                                                            bits: 32,
                                                        },
                                                    ),
                                                },
                                                operand1: ConstantOperand(
                                                    ConstantRef(
                                                        Int {
                                                            bits: 32,
                                                            value: 5,
                                                        },
                                                    ),
                                                ),
                                                dest: Number(
                                                    11,
                                                ),
                                                nuw: false,
                                                nsw: true,
                                                debugloc: None,
                                            },
                                        ),
                                    ),
                                ),
                                34: Edge(
                                    BoundVar(
                                        Var {
                                            name: Number(
                                                10,
                                            ),
                                        },
                                    ),
                                ),
                                35: Edge(
                                    Nil,
                                ),
                                36: Operation(
                                    Constant(
                                        ConstantRef(
                                            Int {
                                                bits: 32,
                                                value: 5,
                                            },
                                        ),
                                    ),
                                ),
                                37: Operation(
                                    Instruction(
                                        Load(
                                            Load {
                                                address: ConstantOperand(
                                                    ConstantRef(
                                                        GlobalReference {
                                                            name: Name(
                                                                "global",
                                                            ),
                                                            ty: TypeRef(
                                                                IntegerType {
                                                                    bits: 32,
                                                                },
                                                            ),
                                                        },
                                                    ),
                                                ),
                                                dest: Number(
                                                    10,
                                                ),
                                                loaded_ty: TypeRef(
                                                    IntegerType {
                                                        bits: 32,
                                                    },
                                                ),
                                                volatile: true,
                                                atomicity: None,
                                                alignment: 4,
                                                debugloc: None,
                                            },
                                        ),
                                    ),
                                ),
                                38: Edge(
                                    Nil,
                                ),
                                39: Operation(
                                    Constant(
                                        ConstantRef(
                                            GlobalReference {
                                                name: Name(
                                                    "global",
                                                ),
                                                ty: TypeRef(
                                                    IntegerType {
                                                        bits: 32,
                                                    },
                                                ),
                                            },
                                        ),
                                    ),
                                ),
                                40: Operation(
                                    Instruction(
                                        Store(
                                            Store {
                                                address: LocalOperand {
                                                    name: Number(
                                                        5,
                                                    ),
                                                    ty: TypeRef(
                                                        PointerType {
                                                            addr_space: 0,
                                                        },
                                                    ),
                                                },
                                                value: LocalOperand {
                                                    name: Number(
                                                        9,
                                                    ),
                                                    ty: TypeRef(
                                                        IntegerType {
                                                            bits: 32,
                                                        },
                                                    ),
                                                },
                                                volatile: true,
                                                atomicity: None,
                                                alignment: 4,
                                                debugloc: None,
                                            },
                                        ),
                                    ),
                                ),
                                41: Edge(
                                    BoundVar(
                                        Var {
                                            name: Number(
                                                5,
                                            ),
                                        },
                                    ),
                                ),
                                42: Edge(
                                    BoundVar(
                                        Var {
                                            name: Number(
                                                9,
                                            ),
                                        },
                                    ),
                                ),
                                43: Operation(
                                    Instruction(
                                        Add(
                                            Add {
                                                operand0: LocalOperand {
                                                    name: Number(
                                                        8,
                                                    ),
                                                    ty: TypeRef(
                                                        IntegerType {
                                                            bits: 32,
                                                        },
                                                    ),
                                                },
                                                operand1: ConstantOperand(
                                                    ConstantRef(
                                                        Int {
                                                            bits: 32,
                                                            value: 5,
                                                        },
                                                    ),
                                                ),
                                                dest: Number(
                                                    9,
                                                ),
                                                nuw: false,
                                                nsw: true,
                                                debugloc: None,
                                            },
                                        ),
                                    ),
                                ),
                                44: Edge(
                                    BoundVar(
                                        Var {
                                            name: Number(
                                                8,
                                            ),
                                        },
                                    ),
                                ),
                                45: Edge(
                                    Nil,
                                ),
                                46: Operation(
                                    Constant(
                                        ConstantRef(
                                            Int {
                                                bits: 32,
                                                value: 5,
                                            },
                                        ),
                                    ),
                                ),
                                47: Operation(
                                    Instruction(
                                        Load(
                                            Load {
                                                address: LocalOperand {
                                                    name: Number(
                                                        5,
                                                    ),
                                                    ty: TypeRef(
                                                        PointerType {
                                                            addr_space: 0,
                                                        },
                                                    ),
                                                },
                                                dest: Number(
                                                    8,
                                                ),
                                                loaded_ty: TypeRef(
                                                    IntegerType {
                                                        bits: 32,
                                                    },
                                                ),
                                                volatile: true,
                                                atomicity: None,
                                                alignment: 4,
                                                debugloc: None,
                                            },
                                        ),
                                    ),
                                ),
                                48: Operation(
                                    Instruction(
                                        Store(
                                            Store {
                                                address: LocalOperand {
                                                    name: Number(
                                                        4,
                                                    ),
                                                    ty: TypeRef(
                                                        PointerType {
                                                            addr_space: 0,
                                                        },
                                                    ),
                                                },
                                                value: LocalOperand {
                                                    name: Number(
                                                        7,
                                                    ),
                                                    ty: TypeRef(
                                                        IntegerType {
                                                            bits: 32,
                                                        },
                                                    ),
                                                },
                                                volatile: true,
                                                atomicity: None,
                                                alignment: 4,
                                                debugloc: None,
                                            },
                                        ),
                                    ),
                                ),
                                49: Edge(
                                    BoundVar(
                                        Var {
                                            name: Number(
                                                7,
                                            ),
                                        },
                                    ),
                                ),
                                50: Operation(
                                    Instruction(
                                        Add(
                                            Add {
                                                operand0: LocalOperand {
                                                    name: Number(
                                                        6,
                                                    ),
                                                    ty: TypeRef(
                                                        IntegerType {
                                                            bits: 32,
                                                        },
                                                    ),
                                                },
                                                operand1: ConstantOperand(
                                                    ConstantRef(
                                                        Int {
                                                            bits: 32,
                                                            value: 5,
                                                        },
                                                    ),
                                                ),
                                                dest: Number(
                                                    7,
                                                ),
                                                nuw: false,
                                                nsw: true,
                                                debugloc: None,
                                            },
                                        ),
                                    ),
                                ),
                                51: Edge(
                                    BoundVar(
                                        Var {
                                            name: Number(
                                                6,
                                            ),
                                        },
                                    ),
                                ),
                                52: Edge(
                                    Nil,
                                ),
                                53: Operation(
                                    Constant(
                                        ConstantRef(
                                            Int {
                                                bits: 32,
                                                value: 5,
                                            },
                                        ),
                                    ),
                                ),
                                54: Operation(
                                    Instruction(
                                        Load(
                                            Load {
                                                address: LocalOperand {
                                                    name: Number(
                                                        4,
                                                    ),
                                                    ty: TypeRef(
                                                        PointerType {
                                                            addr_space: 0,
                                                        },
                                                    ),
                                                },
                                                dest: Number(
                                                    6,
                                                ),
                                                loaded_ty: TypeRef(
                                                    IntegerType {
                                                        bits: 32,
                                                    },
                                                ),
                                                volatile: true,
                                                atomicity: None,
                                                alignment: 4,
                                                debugloc: None,
                                            },
                                        ),
                                    ),
                                ),
                                55: Operation(
                                    Instruction(
                                        Call(
                                            Call {
                                                function: Right(
                                                    ConstantOperand(
                                                        ConstantRef(
                                                            GlobalReference {
                                                                name: Name(
                                                                    "malloc",
                                                                ),
                                                                ty: TypeRef(
                                                                    FuncType {
                                                                        result_type: TypeRef(
                                                                            PointerType {
                                                                                addr_space: 0,
                                                                            },
                                                                        ),
                                                                        param_types: [
                                                                            TypeRef(
                                                                                IntegerType {
                                                                                    bits: 64,
                                                                                },
                                                                            ),
                                                                        ],
                                                                        is_var_arg: false,
                                                                    },
                                                                ),
                                                            },
                                                        ),
                                                    ),
                                                ),
                                                function_ty: TypeRef(
                                                    FuncType {
                                                        result_type: TypeRef(
                                                            PointerType {
                                                                addr_space: 0,
                                                            },
                                                        ),
                                                        param_types: [
                                                            TypeRef(
                                                                IntegerType {
                                                                    bits: 64,
                                                                },
                                                            ),
                                                        ],
                                                        is_var_arg: false,
                                                    },
                                                ),
                                                arguments: [
                                                    (
                                                        ConstantOperand(
                                                            ConstantRef(
                                                                Int {
                                                                    bits: 64,
                                                                    value: 4,
                                                                },
                                                            ),
                                                        ),
                                                        [
                                                            NoUndef,
                                                        ],
                                                    ),
                                                ],
                                                return_attributes: [
                                                    DereferenceableOrNull(
                                                        4,
                                                    ),
                                                ],
                                                dest: Some(
                                                    Number(
                                                        5,
                                                    ),
                                                ),
                                                function_attributes: [
                                                    AllocSize {
                                                        elt_size: 0,
                                                        num_elts: None,
                                                    },
                                                ],
                                                is_tail_call: true,
                                                calling_convention: C,
                                                debugloc: None,
                                            },
                                        ),
                                    ),
                                ),
                                56: Edge(
                                    Nil,
                                ),
                                57: Edge(
                                    Nil,
                                ),
                                58: Operation(
                                    Constant(
                                        ConstantRef(
                                            Int {
                                                bits: 64,
                                                value: 4,
                                            },
                                        ),
                                    ),
                                ),
                                59: Operation(
                                    Constant(
                                        ConstantRef(
                                            GlobalReference {
                                                name: Name(
                                                    "malloc",
                                                ),
                                                ty: TypeRef(
                                                    FuncType {
                                                        result_type: TypeRef(
                                                            PointerType {
                                                                addr_space: 0,
                                                            },
                                                        ),
                                                        param_types: [
                                                            TypeRef(
                                                                IntegerType {
                                                                    bits: 64,
                                                                },
                                                            ),
                                                        ],
                                                        is_var_arg: false,
                                                    },
                                                ),
                                            },
                                        ),
                                    ),
                                ),
                                60: Operation(
                                    Instruction(
                                        Store(
                                            Store {
                                                address: LocalOperand {
                                                    name: Number(
                                                        4,
                                                    ),
                                                    ty: TypeRef(
                                                        PointerType {
                                                            addr_space: 0,
                                                        },
                                                    ),
                                                },
                                                value: ConstantOperand(
                                                    ConstantRef(
                                                        Int {
                                                            bits: 32,
                                                            value: 72,
                                                        },
                                                    ),
                                                ),
                                                volatile: true,
                                                atomicity: None,
                                                alignment: 4,
                                                debugloc: None,
                                            },
                                        ),
                                    ),
                                ),
                                61: Edge(
                                    Nil,
                                ),
                                62: Operation(
                                    Constant(
                                        ConstantRef(
                                            Int {
                                                bits: 32,
                                                value: 72,
                                            },
                                        ),
                                    ),
                                ),
                                63: Operation(
                                    Instruction(
                                        Call(
                                            Call {
                                                function: Right(
                                                    ConstantOperand(
                                                        ConstantRef(
                                                            GlobalReference {
                                                                name: Name(
                                                                    "llvm.lifetime.start.p0",
                                                                ),
                                                                ty: TypeRef(
                                                                    FuncType {
                                                                        result_type: TypeRef(
                                                                            VoidType,
                                                                        ),
                                                                        param_types: [
                                                                            TypeRef(
                                                                                IntegerType {
                                                                                    bits: 64,
                                                                                },
                                                                            ),
                                                                            TypeRef(
                                                                                PointerType {
                                                                                    addr_space: 0,
                                                                                },
                                                                            ),
                                                                        ],
                                                                        is_var_arg: false,
                                                                    },
                                                                ),
                                                            },
                                                        ),
                                                    ),
                                                ),
                                                function_ty: TypeRef(
                                                    FuncType {
                                                        result_type: TypeRef(
                                                            VoidType,
                                                        ),
                                                        param_types: [
                                                            TypeRef(
                                                                IntegerType {
                                                                    bits: 64,
                                                                },
                                                            ),
                                                            TypeRef(
                                                                PointerType {
                                                                    addr_space: 0,
                                                                },
                                                            ),
                                                        ],
                                                        is_var_arg: false,
                                                    },
                                                ),
                                                arguments: [
                                                    (
                                                        ConstantOperand(
                                                            ConstantRef(
                                                                Int {
                                                                    bits: 64,
                                                                    value: 4,
                                                                },
                                                            ),
                                                        ),
                                                        [],
                                                    ),
                                                    (
                                                        LocalOperand {
                                                            name: Number(
                                                                4,
                                                            ),
                                                            ty: TypeRef(
                                                                PointerType {
                                                                    addr_space: 0,
                                                                },
                                                            ),
                                                        },
                                                        [
                                                            NonNull,
                                                        ],
                                                    ),
                                                ],
                                                return_attributes: [],
                                                dest: None,
                                                function_attributes: [],
                                                is_tail_call: false,
                                                calling_convention: C,
                                                debugloc: None,
                                            },
                                        ),
                                    ),
                                ),
                                64: Edge(
                                    Nil,
                                ),
                                65: Edge(
                                    Nil,
                                ),
                                66: Operation(
                                    Constant(
                                        ConstantRef(
                                            Int {
                                                bits: 64,
                                                value: 4,
                                            },
                                        ),
                                    ),
                                ),
                                67: Operation(
                                    Constant(
                                        ConstantRef(
                                            GlobalReference {
                                                name: Name(
                                                    "llvm.lifetime.start.p0",
                                                ),
                                                ty: TypeRef(
                                                    FuncType {
                                                        result_type: TypeRef(
                                                            VoidType,
                                                        ),
                                                        param_types: [
                                                            TypeRef(
                                                                IntegerType {
                                                                    bits: 64,
                                                                },
                                                            ),
                                                            TypeRef(
                                                                PointerType {
                                                                    addr_space: 0,
                                                                },
                                                            ),
                                                        ],
                                                        is_var_arg: false,
                                                    },
                                                ),
                                            },
                                        ),
                                    ),
                                ),
                                68: Operation(
                                    Instruction(
                                        Store(
                                            Store {
                                                address: LocalOperand {
                                                    name: Number(
                                                        3,
                                                    ),
                                                    ty: TypeRef(
                                                        PointerType {
                                                            addr_space: 0,
                                                        },
                                                    ),
                                                },
                                                value: LocalOperand {
                                                    name: Number(
                                                        0,
                                                    ),
                                                    ty: TypeRef(
                                                        IntegerType {
                                                            bits: 32,
                                                        },
                                                    ),
                                                },
                                                volatile: true,
                                                atomicity: None,
                                                alignment: 4,
                                                debugloc: None,
                                            },
                                        ),
                                    ),
                                ),
                                69: Operation(
                                    Instruction(
                                        Alloca(
                                            Alloca {
                                                allocated_type: TypeRef(
                                                    IntegerType {
                                                        bits: 32,
                                                    },
                                                ),
                                                num_elements: ConstantOperand(
                                                    ConstantRef(
                                                        Int {
                                                            bits: 32,
                                                            value: 1,
                                                        },
                                                    ),
                                                ),
                                                dest: Number(
                                                    4,
                                                ),
                                                alignment: 4,
                                                debugloc: None,
                                            },
                                        ),
                                    ),
                                ),
                                70: Edge(
                                    Nil,
                                ),
                                71: Operation(
                                    Constant(
                                        ConstantRef(
                                            Int {
                                                bits: 32,
                                                value: 1,
                                            },
                                        ),
                                    ),
                                ),
                                72: Operation(
                                    Instruction(
                                        Alloca(
                                            Alloca {
                                                allocated_type: TypeRef(
                                                    IntegerType {
                                                        bits: 32,
                                                    },
                                                ),
                                                num_elements: ConstantOperand(
                                                    ConstantRef(
                                                        Int {
                                                            bits: 32,
                                                            value: 1,
                                                        },
                                                    ),
                                                ),
                                                dest: Number(
                                                    3,
                                                ),
                                                alignment: 4,
                                                debugloc: None,
                                            },
                                        ),
                                    ),
                                ),
                                73: Edge(
                                    Nil,
                                ),
                                74: Operation(
                                    Constant(
                                        ConstantRef(
                                            Int {
                                                bits: 32,
                                                value: 1,
                                            },
                                        ),
                                    ),
                                ),
                            },
                            edge weights: {
                                0: 0,
                                1: 0,
                                2: 1,
                                3: 2,
                                4: 0,
                                5: 0,
                                6: 0,
                                7: 0,
                                8: 1,
                                9: 0,
                                10: 1,
                                11: 0,
                                12: 0,
                                13: 0,
                                14: 0,
                                15: 0,
                                16: 1,
                                17: 0,
                                18: 1,
                                19: 0,
                                20: 0,
                                21: 0,
                                22: 0,
                                23: 0,
                                24: 1,
                                25: 0,
                                26: 0,
                                27: 0,
                                28: 1,
                                29: 0,
                                30: 0,
                                31: 0,
                                32: 0,
                                33: 0,
                                34: 0,
                                35: 0,
                                36: 1,
                                37: 0,
                                38: 1,
                                39: 0,
                                40: 0,
                                41: 0,
                                42: 0,
                                43: 0,
                                44: 1,
                                45: 0,
                                46: 1,
                                47: 0,
                                48: 0,
                                49: 0,
                                50: 0,
                                51: 0,
                                52: 1,
                                53: 0,
                                54: 0,
                                55: 0,
                                56: 0,
                                57: 0,
                                58: 1,
                                59: 0,
                                60: 0,
                                61: 1,
                                62: 2,
                                63: 0,
                                64: 0,
                                65: 0,
                                66: 0,
                                67: 1,
                                68: 0,
                                69: 0,
                                70: 0,
                                71: 0,
                                72: 0,
                                73: 0,
                            },
                        },
                    ),
                    7: Edge(
                        CF(
                            None,
                        ),
                    ),
                },
                edge weights: {
                    0: 0,
                    1: 1,
                    2: 2,
                    3: 3,
                    4: 4,
                    5: 5,
                    6: 0,
                },
            },
        ),
        4: Edge(
            FreeVar(
                Symbol {
                    symbol: "global",
                },
            ),
        ),
        5: Edge(
            FreeVar(
                Symbol {
                    symbol: "variables",
                },
            ),
        ),
        6: Operation(
            GlobalVariable(
                GlobalVariable {
                    name: Name(
                        "global",
                    ),
                    linkage: External,
                    visibility: Default,
                    is_constant: false,
                    ty: TypeRef(
                        PointerType {
                            addr_space: 0,
                        },
                    ),
                    addr_space: 0,
                    dll_storage_class: Default,
                    thread_local_mode: NotThreadLocal,
                    unnamed_addr: None,
                    initializer: Some(
                        ConstantRef(
                            Int {
                                bits: 32,
                                value: 5,
                            },
                        ),
                    ),
                    section: None,
                    comdat: None,
                    alignment: 4,
                    debugloc: None,
                },
            ),
        ),
        7: Edge(
            Nil,
        ),
        8: Operation(
            Constant(
                ConstantRef(
                    Int {
                        bits: 32,
                        value: 5,
                    },
                ),
            ),
        ),
    },
    edge weights: {
        0: 0,
        1: 1,
        2: 2,
        3: 3,
        4: 0,
        5: 0,
        6: 0,
        7: 0,
    },
}
