---
source: sd-core/src/language/mod.rs
expression: to_pet(&graph)
---
Graph(
  nodes: [
    Operation(Not),
    Edge(BoundVar(VariableDef(
      var: Variable("a"),
      meta: None,
    ))),
    Edge(BoundVar(VariableDef(
      var: Variable("b"),
      meta: None,
    ))),
    Operation(Not),
  ],
  node_holes: [],
  edge_property: directed,
  edges: [
    Some((1, 0, 0)),
    Some((0, 2, 0)),
    Some((2, 3, 0)),
    Some((3, 1, 0)),
  ],
)
