---
source: sd-core/src/graph.rs
expression: graph
---
Hypergraph(
  nodes: {
    0: NodeInfo(
      data: Input,
      inputs: [],
      outputs: [
        {
          Port(
            node: NodeIndex(1),
            index: PortIndex(0),
          ): Strong,
          Port(
            node: NodeIndex(2),
            index: PortIndex(0),
          ): Strong,
          Port(
            node: NodeIndex(3),
            index: PortIndex(0),
          ): Strong,
        },
      ],
    ),
    1: NodeInfo(
      data: Thunk(
        args: 2,
        body: Hypergraph(
          nodes: {
            0: NodeInfo(
              data: Input,
              inputs: [],
              outputs: [
                {
                  Port(
                    node: NodeIndex(1),
                    index: PortIndex(0),
                  ): Strong,
                },
                {
                  Port(
                    node: NodeIndex(1),
                    index: PortIndex(1),
                  ): Strong,
                },
                {
                  Port(
                    node: NodeIndex(2),
                    index: PortIndex(1),
                  ): Strong,
                },
              ],
            ),
            1: NodeInfo(
              data: Weight(Active(Plus)),
              inputs: [
                (Port(
                  node: NodeIndex(0),
                  index: PortIndex(0),
                ), Strong),
                (Port(
                  node: NodeIndex(0),
                  index: PortIndex(1),
                ), Strong),
              ],
              outputs: [
                {
                  Port(
                    node: NodeIndex(2),
                    index: PortIndex(0),
                  ): Strong,
                },
              ],
            ),
            2: NodeInfo(
              data: Weight(Active(Plus)),
              inputs: [
                (Port(
                  node: NodeIndex(1),
                  index: PortIndex(0),
                ), Strong),
                (Port(
                  node: NodeIndex(0),
                  index: PortIndex(2),
                ), Strong),
              ],
              outputs: [
                {
                  Port(
                    node: NodeIndex(3),
                    index: PortIndex(0),
                  ): Strong,
                },
              ],
            ),
            3: NodeInfo(
              data: Output,
              inputs: [
                (Port(
                  node: NodeIndex(2),
                  index: PortIndex(0),
                ), Strong),
              ],
              outputs: [],
            ),
          },
        ),
      ),
      inputs: [
        (Port(
          node: NodeIndex(0),
          index: PortIndex(0),
        ), Strong),
      ],
      outputs: [
        {
          Port(
            node: NodeIndex(4),
            index: PortIndex(0),
          ): Strong,
        },
      ],
    ),
    2: NodeInfo(
      data: Thunk(
        args: 3,
        body: Hypergraph(
          nodes: {
            0: NodeInfo(
              data: Input,
              inputs: [],
              outputs: [
                {
                  Port(
                    node: NodeIndex(1),
                    index: PortIndex(0),
                  ): Strong,
                },
                {
                  Port(
                    node: NodeIndex(1),
                    index: PortIndex(1),
                  ): Strong,
                },
                {
                  Port(
                    node: NodeIndex(2),
                    index: PortIndex(1),
                  ): Strong,
                },
                {
                  Port(
                    node: NodeIndex(3),
                    index: PortIndex(1),
                  ): Strong,
                },
              ],
            ),
            1: NodeInfo(
              data: Weight(Active(Plus)),
              inputs: [
                (Port(
                  node: NodeIndex(0),
                  index: PortIndex(0),
                ), Strong),
                (Port(
                  node: NodeIndex(0),
                  index: PortIndex(1),
                ), Strong),
              ],
              outputs: [
                {
                  Port(
                    node: NodeIndex(2),
                    index: PortIndex(0),
                  ): Strong,
                },
              ],
            ),
            2: NodeInfo(
              data: Weight(Active(Plus)),
              inputs: [
                (Port(
                  node: NodeIndex(1),
                  index: PortIndex(0),
                ), Strong),
                (Port(
                  node: NodeIndex(0),
                  index: PortIndex(2),
                ), Strong),
              ],
              outputs: [
                {
                  Port(
                    node: NodeIndex(3),
                    index: PortIndex(0),
                  ): Strong,
                },
              ],
            ),
            3: NodeInfo(
              data: Weight(Active(Plus)),
              inputs: [
                (Port(
                  node: NodeIndex(2),
                  index: PortIndex(0),
                ), Strong),
                (Port(
                  node: NodeIndex(0),
                  index: PortIndex(3),
                ), Strong),
              ],
              outputs: [
                {
                  Port(
                    node: NodeIndex(4),
                    index: PortIndex(0),
                  ): Strong,
                },
              ],
            ),
            4: NodeInfo(
              data: Output,
              inputs: [
                (Port(
                  node: NodeIndex(3),
                  index: PortIndex(0),
                ), Strong),
              ],
              outputs: [],
            ),
          },
        ),
      ),
      inputs: [
        (Port(
          node: NodeIndex(0),
          index: PortIndex(0),
        ), Strong),
      ],
      outputs: [
        {
          Port(
            node: NodeIndex(4),
            index: PortIndex(1),
          ): Strong,
        },
      ],
    ),
    3: NodeInfo(
      data: Thunk(
        args: 4,
        body: Hypergraph(
          nodes: {
            0: NodeInfo(
              data: Input,
              inputs: [],
              outputs: [
                {
                  Port(
                    node: NodeIndex(1),
                    index: PortIndex(0),
                  ): Strong,
                },
                {
                  Port(
                    node: NodeIndex(1),
                    index: PortIndex(1),
                  ): Strong,
                },
                {
                  Port(
                    node: NodeIndex(2),
                    index: PortIndex(1),
                  ): Strong,
                },
                {
                  Port(
                    node: NodeIndex(3),
                    index: PortIndex(1),
                  ): Strong,
                },
                {
                  Port(
                    node: NodeIndex(4),
                    index: PortIndex(1),
                  ): Strong,
                },
              ],
            ),
            1: NodeInfo(
              data: Weight(Active(Plus)),
              inputs: [
                (Port(
                  node: NodeIndex(0),
                  index: PortIndex(0),
                ), Strong),
                (Port(
                  node: NodeIndex(0),
                  index: PortIndex(1),
                ), Strong),
              ],
              outputs: [
                {
                  Port(
                    node: NodeIndex(2),
                    index: PortIndex(0),
                  ): Strong,
                },
              ],
            ),
            2: NodeInfo(
              data: Weight(Active(Plus)),
              inputs: [
                (Port(
                  node: NodeIndex(1),
                  index: PortIndex(0),
                ), Strong),
                (Port(
                  node: NodeIndex(0),
                  index: PortIndex(2),
                ), Strong),
              ],
              outputs: [
                {
                  Port(
                    node: NodeIndex(3),
                    index: PortIndex(0),
                  ): Strong,
                },
              ],
            ),
            3: NodeInfo(
              data: Weight(Active(Plus)),
              inputs: [
                (Port(
                  node: NodeIndex(2),
                  index: PortIndex(0),
                ), Strong),
                (Port(
                  node: NodeIndex(0),
                  index: PortIndex(3),
                ), Strong),
              ],
              outputs: [
                {
                  Port(
                    node: NodeIndex(4),
                    index: PortIndex(0),
                  ): Strong,
                },
              ],
            ),
            4: NodeInfo(
              data: Weight(Active(Plus)),
              inputs: [
                (Port(
                  node: NodeIndex(3),
                  index: PortIndex(0),
                ), Strong),
                (Port(
                  node: NodeIndex(0),
                  index: PortIndex(4),
                ), Strong),
              ],
              outputs: [
                {
                  Port(
                    node: NodeIndex(5),
                    index: PortIndex(0),
                  ): Strong,
                },
              ],
            ),
            5: NodeInfo(
              data: Output,
              inputs: [
                (Port(
                  node: NodeIndex(4),
                  index: PortIndex(0),
                ), Strong),
              ],
              outputs: [],
            ),
          },
        ),
      ),
      inputs: [
        (Port(
          node: NodeIndex(0),
          index: PortIndex(0),
        ), Strong),
      ],
      outputs: [
        {
          Port(
            node: NodeIndex(4),
            index: PortIndex(2),
          ): Strong,
        },
      ],
    ),
    4: NodeInfo(
      data: Weight(Active(Plus)),
      inputs: [
        (Port(
          node: NodeIndex(1),
          index: PortIndex(0),
        ), Strong),
        (Port(
          node: NodeIndex(2),
          index: PortIndex(0),
        ), Strong),
        (Port(
          node: NodeIndex(3),
          index: PortIndex(0),
        ), Strong),
      ],
      outputs: [
        {
          Port(
            node: NodeIndex(5),
            index: PortIndex(0),
          ): Strong,
        },
      ],
    ),
    5: NodeInfo(
      data: Output,
      inputs: [
        (Port(
          node: NodeIndex(4),
          index: PortIndex(0),
        ), Strong),
      ],
      outputs: [],
    ),
  },
)
