---
source: sd-core/src/graph.rs
expression: variables
---
[
    Variable(
        "var_134",
    ),
    Variable(
        "var_138",
    ),
    Variable(
        "var_140",
    ),
    Variable(
        "var_142",
    ),
    Variable(
        "var_198",
    ),
    Variable(
        "var_422",
    ),
    Variable(
        "var_580",
    ),
    Variable(
        "var_592",
    ),
]
