---
source: sd-core/src/graph.rs
expression: graph
---
Hypergraph {
    nodes: [
        (
            NodeIndex(
                0,
            ),
            Input,
        ),
        (
            NodeIndex(
                1,
            ),
            Thunk {
                args: 1,
                body: Hypergraph {
                    nodes: [
                        (
                            NodeIndex(
                                0,
                            ),
                            Input,
                        ),
                        (
                            NodeIndex(
                                1,
                            ),
                            Weight(
                                Passive(
                                    Int(
                                        1,
                                    ),
                                ),
                            ),
                        ),
                        (
                            NodeIndex(
                                2,
                            ),
                            Output,
                        ),
                    ],
                    edges: [
                        (
                            Port {
                                node: NodeIndex(
                                    0,
                                ),
                                index: PortIndex(
                                    0,
                                ),
                            },
                            {},
                        ),
                        (
                            Port {
                                node: NodeIndex(
                                    1,
                                ),
                                index: PortIndex(
                                    0,
                                ),
                            },
                            {
                                Port {
                                    node: NodeIndex(
                                        2,
                                    ),
                                    index: PortIndex(
                                        0,
                                    ),
                                },
                            },
                        ),
                    ],
                },
            },
        ),
        (
            NodeIndex(
                2,
            ),
            Thunk {
                args: 1,
                body: Hypergraph {
                    nodes: [
                        (
                            NodeIndex(
                                0,
                            ),
                            Input,
                        ),
                        (
                            NodeIndex(
                                1,
                            ),
                            Weight(
                                Active(
                                    Plus,
                                ),
                            ),
                        ),
                        (
                            NodeIndex(
                                2,
                            ),
                            Output,
                        ),
                    ],
                    edges: [
                        (
                            Port {
                                node: NodeIndex(
                                    0,
                                ),
                                index: PortIndex(
                                    0,
                                ),
                            },
                            {
                                Port {
                                    node: NodeIndex(
                                        1,
                                    ),
                                    index: PortIndex(
                                        1,
                                    ),
                                },
                            },
                        ),
                        (
                            Port {
                                node: NodeIndex(
                                    0,
                                ),
                                index: PortIndex(
                                    1,
                                ),
                            },
                            {
                                Port {
                                    node: NodeIndex(
                                        1,
                                    ),
                                    index: PortIndex(
                                        0,
                                    ),
                                },
                            },
                        ),
                        (
                            Port {
                                node: NodeIndex(
                                    1,
                                ),
                                index: PortIndex(
                                    0,
                                ),
                            },
                            {
                                Port {
                                    node: NodeIndex(
                                        2,
                                    ),
                                    index: PortIndex(
                                        0,
                                    ),
                                },
                            },
                        ),
                    ],
                },
            },
        ),
        (
            NodeIndex(
                3,
            ),
            Weight(
                Active(
                    Plus,
                ),
            ),
        ),
        (
            NodeIndex(
                4,
            ),
            Output,
        ),
    ],
    edges: [
        (
            Port {
                node: NodeIndex(
                    0,
                ),
                index: PortIndex(
                    0,
                ),
            },
            {
                Port {
                    node: NodeIndex(
                        2,
                    ),
                    index: PortIndex(
                        0,
                    ),
                },
            },
        ),
        (
            Port {
                node: NodeIndex(
                    1,
                ),
                index: PortIndex(
                    0,
                ),
            },
            {
                Port {
                    node: NodeIndex(
                        3,
                    ),
                    index: PortIndex(
                        0,
                    ),
                },
            },
        ),
        (
            Port {
                node: NodeIndex(
                    2,
                ),
                index: PortIndex(
                    0,
                ),
            },
            {
                Port {
                    node: NodeIndex(
                        3,
                    ),
                    index: PortIndex(
                        1,
                    ),
                },
            },
        ),
        (
            Port {
                node: NodeIndex(
                    3,
                ),
                index: PortIndex(
                    0,
                ),
            },
            {
                Port {
                    node: NodeIndex(
                        4,
                    ),
                    index: PortIndex(
                        0,
                    ),
                },
            },
        ),
    ],
}
