---
source: sd-graphics/src/layout.rs
expression: "layout(&examples::thunk(), Solver::default()).expect(\"Layout failed\")"
---
LayoutInternal(
  h_min: 0.00000000013747575,
  h_max: 4.5,
  v_min: 0.0000000073578215,
  v_max: 3.5,
  nodes: [
    [
      NodeOffset(
        node: Thunk(
          layout: LayoutInternal(
            h_min: 0.5,
            h_max: 2.5,
            v_min: 1.0,
            v_max: 3.0,
            nodes: [
              [
                NodeOffset(
                  node: Atom(
                    h_pos: 1.5,
                    v_pos: 2.0,
                    extra_size: 0.0,
                  ),
                  inputs: Range(
                    start: 0,
                    end: 2,
                  ),
                  outputs: Range(
                    start: 0,
                    end: 1,
                  ),
                ),
              ],
            ],
            wires: [
              [
                WireData(
                  h: 1.0,
                  v_min: 1.0,
                  v_max: 1.5,
                ),
                WireData(
                  h: 2.0,
                  v_min: 1.0,
                  v_max: 1.5,
                ),
              ],
              [
                WireData(
                  h: 1.5,
                  v_min: 2.5,
                  v_max: 3.0,
                ),
              ],
            ],
          ),
          inputs: [
            1.0,
          ],
          outputs: [],
        ),
        inputs: Range(
          start: 0,
          end: 1,
        ),
        outputs: Range(
          start: 0,
          end: 0,
        ),
      ),
      NodeOffset(
        node: Atom(
          h_pos: 3.5,
          v_pos: 1.0,
          extra_size: 0.0,
        ),
        inputs: Range(
          start: 1,
          end: 3,
        ),
        outputs: Range(
          start: 0,
          end: 1,
        ),
      ),
    ],
  ],
  wires: [
    [
      WireData(
        h: 1.0,
        v_min: 0.000000007357813,
        v_max: 0.5,
      ),
      WireData(
        h: 3.0,
        v_min: 0.000000007357821,
        v_max: 0.5,
      ),
      WireData(
        h: 4.0,
        v_min: 0.000000007357821,
        v_max: 0.5,
      ),
    ],
    [
      WireData(
        h: 3.5,
        v_min: 1.5,
        v_max: 3.5,
      ),
    ],
  ],
)
