---
source: sd-graphics/src/layout.rs
expression: "layout(&examples::copy(), &WeakMap::default()).expect(\"Layout failed\")"
---
LayoutInternal(
  h_min: 0.0,
  h_max: 3.0,
  v_min: 0.0,
  v_max: 3.1123724,
  nodes: [
    [
      NodeOffset(
        node: Atom(
          h_pos: 1.75,
          v_pos: 1.0,
          extra_size: 0.0,
        ),
        input_offset: 0,
        inputs: 1,
        output_offset: 0,
        outputs: 2,
      ),
    ],
    [
      NodeOffset(
        node: Atom(
          h_pos: 1.0,
          v_pos: 2.1123724,
          extra_size: 0.0,
        ),
        input_offset: 0,
        inputs: 1,
        output_offset: 0,
        outputs: 2,
      ),
      NodeOffset(
        node: Atom(
          h_pos: 2.5,
          v_pos: 2.1123724,
          extra_size: 0.0,
        ),
        input_offset: 1,
        inputs: 1,
        output_offset: 2,
        outputs: 1,
      ),
    ],
  ],
  wires: [
    [
      WireData(
        h: 1.75,
        v_top: 0.0,
        v_bot: 0.5,
      ),
    ],
    [
      WireData(
        h: 1.0,
        v_top: 1.6123724,
        v_bot: 1.6123724,
      ),
      WireData(
        h: 2.5,
        v_top: 1.6123724,
        v_bot: 1.6123724,
      ),
    ],
    [
      WireData(
        h: 0.5,
        v_top: 2.6123724,
        v_bot: 3.1123724,
      ),
      WireData(
        h: 1.5,
        v_top: 2.6123724,
        v_bot: 3.1123724,
      ),
      WireData(
        h: 2.5,
        v_top: 2.6123724,
        v_bot: 3.1123724,
      ),
    ],
  ],
)
