---
source: sd-graphics/src/layout.rs
expression: "layout(&examples::copy()).expect(\"Layout failed\")"
---
LayoutInternal(
  min: 0.0,
  max: 3.0,
  nodes: [
    [
      Atom(
        pos: 1.75,
        swap_offset: None,
      ),
    ],
    [
      Atom(
        pos: 1.0,
        swap_offset: None,
      ),
      Atom(
        pos: 2.5,
        swap_offset: None,
      ),
    ],
  ],
  wires: [
    [
      1.75,
    ],
    [
      1.0,
      2.5,
    ],
    [
      0.5,
      1.5,
      2.5,
    ],
  ],
)
